[
{
"kind" : "module",
"members" : [
{
"name" : "X",
"kind" : "struct",
"protection" : "public",
"line" : 5}
,
{
"name" : "Y",
"kind" : "enum",
"protection" : "public",
"line" : 7}
]
}
]
